[    0.000000] Linux version 4.15.0-74-generic (buildd@lcy01-amd64-022) (gcc version 7.4.0 (Ubuntu 7.4.0-1ubuntu1~18.04.1)) #84-Ubuntu SMP Thu Dec 19 08:06:28 UTC 2019 (Ubuntu 4.15.0-74.84-generic 4.15.18)
[    0.000000] Command line: BOOT_IMAGE=/boot/vmlinuz-4.15.0-74-generic root=UUID=3dc7f99a-1e06-428f-86bf-f1f8932b4515 ro console=tty1 console=ttyS0
[    0.000000] KERNEL supported cpus:
[    0.000000]   Intel GenuineIntel
[    0.000000]   AMD AuthenticAMD
[    0.000000]   Centaur CentaurHauls
[    0.000000] x86/fpu: Supporting XSAVE feature 0x001: 'x87 floating point registers'
[    0.000000] x86/fpu: Supporting XSAVE feature 0x002: 'SSE registers'
[    0.000000] x86/fpu: Supporting XSAVE feature 0x004: 'AVX registers'
[    0.000000] x86/fpu: xstate_offset[2]:  576, xstate_sizes[2]:  256
[    0.000000] x86/fpu: Enabled xstate features 0x7, context size is 832 bytes, using 'standard' format.
[    0.000000] e820: BIOS-provided physical RAM map:
[    0.000000] BIOS-e820: [mem 0x0000000000000000-0x000000000009fbff] usable
[    0.000000] BIOS-e820: [mem 0x000000000009fc00-0x000000000009ffff] reserved
[    0.000000] BIOS-e820: [mem 0x00000000000f0000-0x00000000000fffff] reserved
[    0.000000] BIOS-e820: [mem 0x0000000000100000-0x000000003ffeffff] usable
[    0.000000] BIOS-e820: [mem 0x000000003fff0000-0x000000003fffffff] ACPI data
[    0.000000] BIOS-e820: [mem 0x00000000fec00000-0x00000000fec00fff] reserved
[    0.000000] BIOS-e820: [mem 0x00000000fee00000-0x00000000fee00fff] reserved
[    0.000000] BIOS-e820: [mem 0x00000000fffc0000-0x00000000ffffffff] reserved
[    0.000000] NX (Execute Disable) protection: active
[    0.000000] SMBIOS 2.5 present.
[    0.000000] DMI: innotek GmbH VirtualBox/VirtualBox, BIOS VirtualBox 12/01/2006
[    0.000000] Hypervisor detected: KVM
[    0.000000] e820: last_pfn = 0x3fff0 max_arch_pfn = 0x400000000
[    0.000000] MTRR: Disabled
[    0.000000] x86/PAT: MTRRs disabled, skipping PAT initialization too.
[    0.000000] CPU MTRRs all blank - virtualized system.
[    0.000000] x86/PAT: Configuration [0-7]: WB  WT  UC- UC  WB  WT  UC- UC  
[    0.000000] found SMP MP-table at [mem 0x0009fff0-0x0009ffff]
[    0.000000] Scanning 1 areas for low memory corruption
[    0.000000] RAMDISK: [mem 0x31181000-0x348b7fff]
[    0.000000] ACPI: Early table checksum verification disabled
[    0.000000] ACPI: RSDP 0x00000000000E0000 000024 (v02 VBOX  )
[    0.000000] ACPI: XSDT 0x000000003FFF0030 00003C (v01 VBOX   VBOXXSDT 00000001 ASL  00000061)
[    0.000000] ACPI: FACP 0x000000003FFF00F0 0000F4 (v04 VBOX   VBOXFACP 00000001 ASL  00000061)
[    0.000000] ACPI: DSDT 0x000000003FFF0470 0022EA (v02 VBOX   VBOXBIOS 00000002 INTL 20100528)
[    0.000000] ACPI: FACS 0x000000003FFF0200 000040
[    0.000000] ACPI: FACS 0x000000003FFF0200 000040
[    0.000000] ACPI: APIC 0x000000003FFF0240 00005C (v02 VBOX   VBOXAPIC 00000001 ASL  00000061)
[    0.000000] ACPI: SSDT 0x000000003FFF02A0 0001CC (v01 VBOX   VBOXCPUT 00000002 INTL 20100528)
[    0.000000] No NUMA configuration found
[    0.000000] Faking a node at [mem 0x0000000000000000-0x000000003ffeffff]
[    0.000000] NODE_DATA(0) allocated [mem 0x3ffc5000-0x3ffeffff]
[    0.000000] kvm-clock: cpu 0, msr 0:3ff44001, primary cpu clock
[    0.000000] kvm-clock: Using msrs 4b564d01 and 4b564d00
[    0.000000] kvm-clock: using sched offset of 6414151447 cycles
[    0.000000] clocksource: kvm-clock: mask: 0xffffffffffffffff max_cycles: 0x1cd42e4dffb, max_idle_ns: 881590591483 ns
[    0.000000] Zone ranges:
[    0.000000]   DMA      [mem 0x0000000000001000-0x0000000000ffffff]
[    0.000000]   DMA32    [mem 0x0000000001000000-0x000000003ffeffff]
[    0.000000]   Normal   empty
[    0.000000]   Device   empty
[    0.000000] Movable zone start for each node
[    0.000000] Early memory node ranges
[    0.000000]   node   0: [mem 0x0000000000001000-0x000000000009efff]
[    0.000000]   node   0: [mem 0x0000000000100000-0x000000003ffeffff]
[    0.000000] Reserved but unavailable: 98 pages
[    0.000000] Initmem setup node 0 [mem 0x0000000000001000-0x000000003ffeffff]
[    0.000000] ACPI: PM-Timer IO Port: 0x4008
[    0.000000] IOAPIC[0]: apic_id 2, version 32, address 0xfec00000, GSI 0-23
[    0.000000] ACPI: INT_SRC_OVR (bus 0 bus_irq 0 global_irq 2 dfl dfl)
[    0.000000] ACPI: INT_SRC_OVR (bus 0 bus_irq 9 global_irq 9 low level)
[    0.000000] Using ACPI (MADT) for SMP configuration information
[    0.000000] smpboot: Allowing 2 CPUs, 0 hotplug CPUs
[    0.000000] PM: Registered nosave memory: [mem 0x00000000-0x00000fff]
[    0.000000] PM: Registered nosave memory: [mem 0x0009f000-0x0009ffff]
[    0.000000] PM: Registered nosave memory: [mem 0x000a0000-0x000effff]
[    0.000000] PM: Registered nosave memory: [mem 0x000f0000-0x000fffff]
[    0.000000] e820: [mem 0x40000000-0xfebfffff] available for PCI devices
[    0.000000] Booting paravirtualized kernel on KVM
[    0.000000] clocksource: refined-jiffies: mask: 0xffffffff max_cycles: 0xffffffff, max_idle_ns: 7645519600211568 ns
[    0.000000] random: get_random_bytes called from start_kernel+0x99/0x4fd with crng_init=0
[    0.000000] setup_percpu: NR_CPUS:8192 nr_cpumask_bits:2 nr_cpu_ids:2 nr_node_ids:1
[    0.000000] percpu: Embedded 45 pages/cpu s147456 r8192 d28672 u1048576
[    0.000000] PV qspinlock hash table entries: 256 (order: 0, 4096 bytes)
[    0.000000] Built 1 zonelists, mobility grouping on.  Total pages: 257913
[    0.000000] Policy zone: DMA32
[    0.000000] Kernel command line: BOOT_IMAGE=/boot/vmlinuz-4.15.0-74-generic root=UUID=3dc7f99a-1e06-428f-86bf-f1f8932b4515 ro console=tty1 console=ttyS0
[    0.000000] Memory: 945740K/1048120K available (12300K kernel code, 2481K rwdata, 4260K rodata, 2428K init, 2704K bss, 102380K reserved, 0K cma-reserved)
[    0.000000] SLUB: HWalign=64, Order=0-3, MinObjects=0, CPUs=2, Nodes=1
[    0.000000] Kernel/User page tables isolation: enabled
[    0.000000] ftrace: allocating 39322 entries in 154 pages
[    0.004000] Hierarchical RCU implementation.
[    0.004000] 	RCU restricting CPUs from NR_CPUS=8192 to nr_cpu_ids=2.
[    0.004000] 	Tasks RCU enabled.
[    0.004000] RCU: Adjusting geometry for rcu_fanout_leaf=16, nr_cpu_ids=2
[    0.004000] NR_IRQS: 524544, nr_irqs: 440, preallocated irqs: 16
[    0.004000] Console: colour VGA+ 80x25
[    0.004000] console [tty1] enabled
[    0.004000] console [ttyS0] enabled
[    0.004000] ACPI: Core revision 20170831
[    0.004000] ACPI: 2 ACPI AML tables successfully acquired and loaded
[    0.004000] APIC: Switch to symmetric I/O mode setup
[    0.004000] x2apic enabled
[    0.004000] Switched APIC routing to physical x2apic.
[    0.004000] ..TIMER: vector=0x30 apic1=0 pin1=2 apic2=-1 pin2=-1
[    0.004004] tsc: Detected 1607.999 MHz processor
[    0.004984] Calibrating delay loop (skipped) preset value.. 3215.99 BogoMIPS (lpj=6431996)
[    0.008002] pid_max: default: 32768 minimum: 301
[    0.009019] Security Framework initialized
[    0.009915] Yama: becoming mindful.
[    0.012023] AppArmor: AppArmor initialized
[    0.013063] Dentry cache hash table entries: 131072 (order: 8, 1048576 bytes)
[    0.014599] Inode-cache hash table entries: 65536 (order: 7, 524288 bytes)
[    0.016011] Mount-cache hash table entries: 2048 (order: 2, 16384 bytes)
[    0.017384] Mountpoint-cache hash table entries: 2048 (order: 2, 16384 bytes)
[    0.019103] Last level iTLB entries: 4KB 64, 2MB 8, 4MB 8
[    0.020002] Last level dTLB entries: 4KB 64, 2MB 0, 4MB 0, 1GB 4
[    0.021263] Spectre V1 : Mitigation: usercopy/swapgs barriers and __user pointer sanitization
[    0.023043] Spectre V2 : Mitigation: Full generic retpoline
[    0.024001] Spectre V2 : Spectre v2 / SpectreRSB mitigation: Filling RSB on context switch
[    0.025767] Speculative Store Bypass: Vulnerable
[    0.026800] MDS: Mitigation: Clear CPU buffers
[    0.028174] Freeing SMP alternatives memory: 36K
[    0.139261] smpboot: CPU0: Intel(R) Core(TM) i5-8210Y CPU @ 1.60GHz (family: 0x6, model: 0x8e, stepping: 0x9)
[    0.140000] Performance Events: unsupported p6 CPU model 142 no PMU driver, software events only.
[    0.140041] Hierarchical SRCU implementation.
[    0.141591] NMI watchdog: Perf event create on CPU 0 failed with -2
[    0.144002] NMI watchdog: Perf NMI watchdog permanently disabled
[    0.145297] smp: Bringing up secondary CPUs ...
[    0.146343] x86: Booting SMP configuration:
[    0.147247] .... node  #0, CPUs:      #1
[    0.004000] kvm-clock: cpu 1, msr 0:3ff44041, secondary cpu clock
[    0.152021] smp: Brought up 1 node, 2 CPUs
[    0.153332] smpboot: Max logical packages: 1
[    0.154691] smpboot: Total of 2 processors activated (6431.99 BogoMIPS)
[    0.156131] devtmpfs: initialized
[    0.157535] x86/mm: Memory block size: 128MB
[    0.158589] evm: security.selinux
[    0.160003] evm: security.SMACK64
[    0.160760] evm: security.SMACK64EXEC
[    0.161559] evm: security.SMACK64TRANSMUTE
[    0.162437] evm: security.SMACK64MMAP
[    0.163236] evm: security.apparmor
[    0.164003] evm: security.ima
[    0.164813] evm: security.capability
[    0.165637] clocksource: jiffies: mask: 0xffffffff max_cycles: 0xffffffff, max_idle_ns: 7645041785100000 ns
[    0.168008] futex hash table entries: 512 (order: 3, 32768 bytes)
[    0.170857] pinctrl core: initialized pinctrl subsystem
[    0.172127] RTC time: 23:53:13, date: 01/27/20
[    0.173233] NET: Registered protocol family 16
[    0.174268] audit: initializing netlink subsys (disabled)
[    0.176036] audit: type=2000 audit(1580169201.604:1): state=initialized audit_enabled=0 res=1
[    0.178652] cpuidle: using governor ladder
[    0.180013] cpuidle: using governor menu
[    0.180924] ACPI: bus type PCI registered
[    0.181813] acpiphp: ACPI Hot Plug PCI Controller Driver version: 0.5
[    0.183392] PCI: Using configuration type 1 for base access
[    0.185011] HugeTLB registered 2.00 MiB page size, pre-allocated 0 pages
[    0.188106] ACPI: Added _OSI(Module Device)
[    0.189770] ACPI: Added _OSI(Processor Device)
[    0.190717] ACPI: Added _OSI(3.0 _SCP Extensions)
[    0.191750] ACPI: Added _OSI(Processor Aggregator Device)
[    0.192003] ACPI: Added _OSI(Linux-Dell-Video)
[    0.192953] ACPI: Added _OSI(Linux-Lenovo-NV-HDMI-Audio)
[    0.194066] ACPI: Added _OSI(Linux-HPI-Hybrid-Graphics)
[    0.196405] ACPI: Executed 1 blocks of module-level executable AML code
[    0.201131] ACPI: Interpreter enabled
[    0.202680] ACPI: (supports S0 S5)
[    0.203506] ACPI: Using IOAPIC for interrupt routing
[    0.204221] PCI: Using host bridge windows from ACPI; if necessary, use "pci=nocrs" and report a bug
[    0.206313] ACPI: Enabled 2 GPEs in block 00 to 07
[    0.214667] ACPI: PCI Root Bridge [PCI0] (domain 0000 [bus 00-ff])
[    0.216010] acpi PNP0A03:00: _OSC: OS supports [ASPM ClockPM Segments MSI]
[    0.218110] acpi PNP0A03:00: _OSC: not requesting OS control; OS requires [ExtendedConfig ASPM ClockPM MSI]
[    0.220014] acpi PNP0A03:00: fail to add MMCONFIG information, can't access extended PCI configuration space under this bridge.
[    0.224378] PCI host bridge to bus 0000:00
[    0.225780] pci_bus 0000:00: root bus resource [io  0x0000-0x0cf7 window]
[    0.227189] pci_bus 0000:00: root bus resource [io  0x0d00-0xffff window]
[    0.228004] pci_bus 0000:00: root bus resource [mem 0x000a0000-0x000bffff window]
[    0.229601] pci_bus 0000:00: root bus resource [mem 0x40000000-0xfdffffff window]
[    0.232004] pci_bus 0000:00: root bus resource [bus 00-ff]
[    0.237450] pci 0000:00:01.1: legacy IDE quirk: reg 0x10: [io  0x01f0-0x01f7]
[    0.239678] pci 0000:00:01.1: legacy IDE quirk: reg 0x14: [io  0x03f6]
[    0.240004] pci 0000:00:01.1: legacy IDE quirk: reg 0x18: [io  0x0170-0x0177]
[    0.241474] pci 0000:00:01.1: legacy IDE quirk: reg 0x1c: [io  0x0376]
[    0.259243] pci 0000:00:07.0: quirk: [io  0x4000-0x403f] claimed by PIIX4 ACPI
[    0.260022] pci 0000:00:07.0: quirk: [io  0x4100-0x410f] claimed by PIIX4 SMB
[    0.269520] ACPI: PCI Interrupt Link [LNKA] (IRQs 5 9 10 *11)
[    0.271396] ACPI: PCI Interrupt Link [LNKB] (IRQs 5 9 *10 11)
[    0.272137] ACPI: PCI Interrupt Link [LNKC] (IRQs 5 *9 10 11)
[    0.273477] ACPI: PCI Interrupt Link [LNKD] (IRQs 5 9 10 *11)
[    0.275083] SCSI subsystem initialized
[    0.276054] pci 0000:00:02.0: vgaarb: setting as boot VGA device
[    0.277790] pci 0000:00:02.0: vgaarb: VGA device added: decodes=io+mem,owns=io+mem,locks=none
[    0.280015] pci 0000:00:02.0: vgaarb: bridge control possible
[    0.281666] vgaarb: loaded
[    0.282322] ACPI: bus type USB registered
[    0.283219] usbcore: registered new interface driver usbfs
[    0.284014] usbcore: registered new interface driver hub
[    0.285238] usbcore: registered new device driver usb
[    0.288060] EDAC MC: Ver: 3.0.0
[    0.289012] PCI: Using ACPI for IRQ routing
[    0.289273] NetLabel: Initializing
[    0.292003] NetLabel:  domain hash size = 128
[    0.292950] NetLabel:  protocols = UNLABELED CIPSOv4 CALIPSO
[    0.294148] NetLabel:  unlabeled traffic allowed by default
[    0.296665] clocksource: Switched to clocksource kvm-clock
[    0.311850] VFS: Disk quotas dquot_6.6.0
[    0.313264] VFS: Dquot-cache hash table entries: 512 (order 0, 4096 bytes)
[    0.314935] AppArmor: AppArmor Filesystem Enabled
[    0.315966] pnp: PnP ACPI init
[    0.318110] pnp: PnP ACPI: found 3 devices
[    0.328437] clocksource: acpi_pm: mask: 0xffffff max_cycles: 0xffffff, max_idle_ns: 2085701024 ns
[    0.330639] NET: Registered protocol family 2
[    0.332456] TCP established hash table entries: 8192 (order: 4, 65536 bytes)
[    0.334610] TCP bind hash table entries: 8192 (order: 5, 131072 bytes)
[    0.337561] TCP: Hash tables configured (established 8192 bind 8192)
[    0.339877] UDP hash table entries: 512 (order: 2, 16384 bytes)
[    0.341309] UDP-Lite hash table entries: 512 (order: 2, 16384 bytes)
[    0.343076] NET: Registered protocol family 1
[    0.344897] pci 0000:00:00.0: Limiting direct PCI/PCI transfers
[    0.346556] pci 0000:00:01.0: Activating ISA DMA hang workarounds
[    0.348820] pci 0000:00:02.0: Video device with shadowed ROM at [mem 0x000c0000-0x000dffff]
[    0.351166] Unpacking initramfs...
[    1.624367] Freeing initrd memory: 56540K
[    1.625630] clocksource: tsc: mask: 0xffffffffffffffff max_cycles: 0x172da94f0e2, max_idle_ns: 440795278248 ns
[    1.638938] platform rtc_cmos: registered platform RTC device (no PNP device found)
[    1.642922] Scanning for low memory corruption every 60 seconds
[    1.646909] Initialise system trusted keyrings
[    1.649922] Key type blacklist registered
[    1.651763] workingset: timestamp_bits=36 max_order=18 bucket_order=0
[    1.656056] zbud: loaded
[    1.658250] squashfs: version 4.0 (2009/01/31) Phillip Lougher
[    1.661955] fuse init (API version 7.26)
[    1.671376] Key type asymmetric registered
[    1.673695] Asymmetric key parser 'x509' registered
[    1.675643] Block layer SCSI generic (bsg) driver version 0.4 loaded (major 246)
[    1.682225] io scheduler noop registered
[    1.685796] io scheduler deadline registered
[    1.689928] io scheduler cfq registered (default)
[    1.691949] ACPI: AC Adapter [AC] (on-line)
[    1.693388] input: Power Button as /devices/LNXSYSTM:00/LNXPWRBN:00/input/input0
[    1.700044] ACPI: Power Button [PWRF]
[    1.702437] input: Sleep Button as /devices/LNXSYSTM:00/LNXSLPBN:00/input/input1
[    1.708238] ACPI: Sleep Button [SLPF]
[    1.717714] Serial: 8250/16550 driver, 32 ports, IRQ sharing enabled
[    1.733353] ACPI: Battery Slot [BAT0] (battery present)
[    1.742246] 00:02: ttyS0 at I/O 0x3f8 (irq = 4, base_baud = 115200) is a 16550A
[    1.758243] Linux agpgart interface v0.103
[    1.765695] loop: module loaded
[    1.768153] scsi host0: ata_piix
[    1.769510] scsi host1: ata_piix
[    1.771120] ata1: PATA max UDMA/33 cmd 0x1f0 ctl 0x3f6 bmdma 0xd000 irq 14
[    1.773920] ata2: PATA max UDMA/33 cmd 0x170 ctl 0x376 bmdma 0xd008 irq 15
[    1.777389] libphy: Fixed MDIO Bus: probed
[    1.778799] tun: Universal TUN/TAP device driver, 1.6
[    1.781354] PPP generic driver version 2.4.2
[    1.783514] ehci_hcd: USB 2.0 'Enhanced' Host Controller (EHCI) Driver
[    1.785665] ehci-pci: EHCI PCI platform driver
[    1.787866] ehci-platform: EHCI generic platform driver
[    1.790072] ohci_hcd: USB 1.1 'Open' Host Controller (OHCI) Driver
[    1.791844] ohci-pci: OHCI PCI platform driver
[    1.792912] ohci-platform: OHCI generic platform driver
[    1.794081] uhci_hcd: USB Universal Host Controller Interface driver
[    1.796334] i8042: PNP: PS/2 Controller [PNP0303:PS2K,PNP0f03:PS2M] at 0x60,0x64 irq 1,12
[    1.812194] serio: i8042 KBD port at 0x60,0x64 irq 1
[    1.815853] serio: i8042 AUX port at 0x60,0x64 irq 12
[    1.818240] mousedev: PS/2 mouse device common for all mice
[    1.821740] input: AT Translated Set 2 keyboard as /devices/platform/i8042/serio0/input/input2
[    1.825799] rtc_cmos rtc_cmos: rtc core: registered rtc_cmos as rtc0
[    1.829042] rtc_cmos rtc_cmos: alarms up to one day, 114 bytes nvram
[    1.831285] i2c /dev entries driver
[    1.832606] device-mapper: uevent: version 1.0.3
[    1.834587] device-mapper: ioctl: 4.37.0-ioctl (2017-09-20) initialised: dm-devel@redhat.com
[    1.842159] ledtrig-cpu: registered to indicate activity on CPUs
[    1.846751] NET: Registered protocol family 10
[    1.864207] Segment Routing with IPv6
[    1.865489] NET: Registered protocol family 17
[    1.867393] Key type dns_resolver registered
[    1.874390] mce: Using 0 MCE banks
[    1.878398] RAS: Correctable Errors collector initialized.
[    1.880820] sched_clock: Marking stable (1880752440, 0)->(2080978774, -200226334)
[    1.885427] registered taskstats version 1
[    1.886974] Loading compiled-in X.509 certificates
[    1.896089] Loaded X.509 cert 'Build time autogenerated kernel key: 62d24f9c726e026b112735485dad6e6e4b50c923'
[    1.900547] zswap: loaded using pool lzo/zbud
[    1.914229] Key type big_key registered
[    1.915216] Key type trusted registered
[    1.921119] Key type encrypted registered
[    1.922419] AppArmor: AppArmor sha1 policy hashing enabled
[    1.923894] ima: No TPM chip found, activating TPM-bypass! (rc=-19)
[    1.926024] ima: Allocated hash algorithm: sha1
[    1.927466] evm: HMAC attrs: 0x1
[    1.928788]   Magic number: 4:778:909
[    1.930005] rtc_cmos rtc_cmos: setting system clock to 2020-01-27 23:53:15 UTC (1580169195)
[    1.932992] BIOS EDD facility v0.16 2004-Jun-25, 0 devices found
[    1.937353] EDD information not available.
[    1.950096] Freeing unused kernel image memory: 2428K
[    1.968142] Write protecting the kernel read-only data: 20480k
[    1.973979] Freeing unused kernel image memory: 2008K
[    1.978612] Freeing unused kernel image memory: 1884K
[    1.996723] x86/mm: Checked W+X mappings: passed, no W+X pages found.
[    1.999040] x86/mm: Checking user space page tables
[    2.012695] x86/mm: Checked W+X mappings: passed, no W+X pages found.
Loading, please wait...
starting version 237
[    2.082524] ACPI: Video Device [GFX0] (multi-head: yes  rom: no  post: no)
[    2.125188] input: Video Bus as /devices/LNXSYSTM:00/LNXSYBUS:00/PNP0A03:00/LNXVIDEO:00/input/input4
[    2.140415] e1000: Intel(R) PRO/1000 Network Driver - version 7.3.21-k8-NAPI
[    2.142657] e1000: Copyright (c) 1999-2006 Intel Corporation.
[    2.144727] piix4_smbus 0000:00:07.0: SMBus Host Controller at 0x4100, revision 0
[    2.154223] Fusion MPT base driver 3.04.20
[    2.155185] Copyright (c) 1999-2008 LSI Corporation
[    2.162493] Fusion MPT SPI Host driver 3.04.20
[    2.178804] AVX2 version of gcm_enc/dec engaged.
[    2.192089] AES CTR mode by8 optimization enabled
[    2.389710] input: ImExPS/2 Generic Explorer Mouse as /devices/platform/i8042/serio1/input/input5
[    2.571610] e1000 0000:00:03.0 eth0: (PCI:33MHz:32-bit) 02:95:cf:22:ea:76
[    2.584718] e1000 0000:00:03.0 eth0: Intel(R) PRO/1000 Network Connection
[    2.606871] e1000 0000:00:03.0 enp0s3: renamed from eth0
[    2.608334] mptbase: ioc0: Initiating bringup
[    2.752845] ioc0: LSI53C1030 A0: Capabilities={Initiator}
[    3.575037] scsi host2: ioc0: LSI53C1030 A0, FwRev=00000000h, Ports=1, MaxQ=256, IRQ=20
[    3.834934] scsi 2:0:0:0: Direct-Access     VBOX     HARDDISK         1.0  PQ: 0 ANSI: 5
[    3.872218] scsi target2:0:0: Beginning Domain Validation
[    3.878674] scsi target2:0:0: Domain Validation skipping write tests
[    3.880379] scsi target2:0:0: Ending Domain Validation
[    3.881848] scsi target2:0:0: asynchronous
[    3.884255] scsi 2:0:1:0: Direct-Access     VBOX     HARDDISK         1.0  PQ: 0 ANSI: 5
[    3.916418] scsi target2:0:1: Beginning Domain Validation
[    3.921116] random: fast init done
[    3.922728] scsi target2:0:1: Domain Validation skipping write tests
[    3.924384] scsi target2:0:1: Ending Domain Validation
[    3.925811] scsi target2:0:1: asynchronous
[    3.932020] random: systemd-udevd: uninitialized urandom read (16 bytes read)
[    3.932181] sd 2:0:0:0: Attached scsi generic sg0 type 0
[    3.934201] random: systemd-udevd: uninitialized urandom read (16 bytes read)
[    3.935570] sd 2:0:1:0: Attached scsi generic sg1 type 0
[    3.937518] random: systemd-udevd: uninitialized urandom read (16 bytes read)
[    3.940899] sd 2:0:0:0: [sda] 20971520 512-byte logical blocks: (10.7 GB/10.0 GiB)
[    3.941057] sd 2:0:1:0: [sdb] 20480 512-byte logical blocks: (10.5 MB/10.0 MiB)
[    3.944317] sd 2:0:1:0: [sdb] Write Protect is off
[    3.944319] sd 2:0:0:0: [sda] Write Protect is off
[    3.947126] sd 2:0:0:0: [sda] Incomplete mode parameter data
[    3.947439] sd 2:0:1:0: [sdb] Incomplete mode parameter data
[    3.948633] sd 2:0:0:0: [sda] Assuming drive cache: write through
[    3.950368] sd 2:0:1:0: [sdb] Assuming drive cache: write through
[    3.957107]  sda: sda1
[    3.959157] sd 2:0:0:0: [sda] Attached SCSI disk
[    3.959362] sd 2:0:1:0: [sdb] Attached SCSI disk
Begin: Loading essential drivers ... [    5.597052] raid6: sse2x1   gen()  7017 MB/s
[    5.650168] raid6: sse2x1   xor()  2901 MB/s
[    5.700384] raid6: sse2x2   gen()  3509 MB/s
[    5.750653] raid6: sse2x2   xor()  2422 MB/s
[    5.801070] raid6: sse2x4   gen()  4925 MB/s
[    5.853057] raid6: sse2x4   xor()  2408 MB/s
[    5.900238] raid6: avx2x1   gen()  6268 MB/s
[    5.956059] raid6: avx2x1   xor()  3966 MB/s
[    6.036025] raid6: avx2x2   gen()  4916 MB/s
[    6.084981] raid6: avx2x2   xor()  4722 MB/s
[    6.132113] raid6: avx2x4   gen() 15305 MB/s
[    6.181153] raid6: avx2x4   xor() 10580 MB/s
[    6.182533] raid6: using algorithm avx2x4 gen() 15305 MB/s
[    6.185175] raid6: .... xor() 10580 MB/s, rmw enabled
[    6.187093] raid6: using avx2x2 recovery algorithm
[    6.192204] xor: automatically using best checksumming function   avx       
[    6.196565] async_tx: api initialized (async)
done.
Begin: Running /scripts/init-premount ... done.
Begin: Mounting root file system ... Begin: Running /scripts/local-top ... done.
Begin: Running /scripts/local-premount ... [    6.269444] Btrfs loaded, crc32c=crc32c-intel
Scanning for Btrfs filesystems
done.
Warning: fsck not present, so skipping root file system
[    6.329048] EXT4-fs (sda1): mounted filesystem with ordered data mode. Opts: (null)
done.
Begin: Running /scripts/local-bottom ... done.
Begin: Running /scripts/init-bottom ... done.
[    7.080968] ip_tables: (C) 2000-2006 Netfilter Core Team
[    7.093038] systemd[1]: systemd 237 running in system mode. (+PAM +AUDIT +SELINUX +IMA +APPARMOR +SMACK +SYSVINIT +UTMP +LIBCRYPTSETUP +GCRYPT +GNUTLS +ACL +XZ +LZ4 +SECCOMP +BLKID +ELFUTILS +KMOD -IDN2 +IDN -PCRE2 default-hierarchy=hybrid)
[    7.100818] systemd[1]: Detected virtualization oracle.
[    7.103086] systemd[1]: Detected architecture x86-64.

Welcome to [1mUbuntu 18.04.3 LTS[0m!

[    7.112654] systemd[1]: Set hostname to <ubuntu-xenial>.
[    7.558181] systemd[1]: Created slice User and Session Slice.
[[0;32m  OK  [0m] Created slice User and Session Slice.
[    7.562476] systemd[1]: Reached target System Time Synchronized.
[[0;32m  OK  [0m] Reached target System Time Synchronized.
[    7.566472] systemd[1]: Reached target User and Group Name Lookups.
[[0;32m  OK  [0m] Reached target User and Group Name Lookups.
[    7.570414] systemd[1]: Reached target Swap.
[[0;32m  OK  [0m] Reached target Swap.
[    7.573205] systemd[1]: Started Forward Password Requests to Wall Directory Watch.
[[0;32m  OK  [0m] Started Forward Password Requests to Wall Directory Watch.
[    7.578683] systemd[1]: Set up automount Arbitrary Executable File Formats File System Automount Point.
[[0;32m  OK  [0m] Set up automount Arbitrary Executabâ€¦rmats File System Automount Point.
[[0;32m  OK  [0m] Created slice System Slice.
[[0;32m  OK  [0m] Listening on Journal Socket (/dev/log).
[[0;32m  OK  [0m] Listening on udev Control Socket.
[[0;32m  OK  [0m] Listening on LVM2 metadata daemon socket.
[[0;32m  OK  [0m] Reached target Slices.
[[0;32m  OK  [0m] Created slice system-serial\x2dgetty.slice.
[[0;32m  OK  [0m] Listening on LVM2 poll daemon socket.
[[0;32m  OK  [0m] Listening on Journal Audit Socket.
[[0;32m  OK  [0m] Listening on Journal Socket.
         Starting Remount Root and Kernel File Systems...
         Starting Load Kernel Modules...
         Starting Uncomplicated firewall...
[    7.614789] EXT4-fs (sda1): re-mounted. Opts: (null)
         Mounting Huge Pages File System...
         Starting Nameserver information manager...
         Starting Create list of required stâ€¦ce nodes for the current kernel...
         Starting Set the console keyboard layout...
         Mounting POSIX Message Queue File System...
[[0;32m  OK  [0m] Listening on Device-mapper event daemon FIFOs.
         Starting Monitoring of LVM2 mirrorsâ€¦ng dmeventd or progress polling...
[[0;32m  OK  [0m] Created slice system-postgresql.slice.
[[0;32m  OK  [0m] Listening on udev Kernel Socket.
         Starting udev Coldplug all Devices...
[    7.644219] Loading iSCSI transport class v2.0-870.
[[0;32m  OK  [0m] Listening on /dev/initctl Compatibility Named Pipe.
[[0;32m  OK  [0m] Listening on Syslog Socket.
         Starting Journal Service...
         Mounting Kernel Debug File System...
[[0;32m  OK  [0m] Started Remount Root and Kernel File Systems.
[[0;32m  OK  [0m] Started Uncomplicated firewall.
[[0;32m  OK  [0m] Mounted Huge Pages File System.
[[0;32m  OK  [0[    7.666821] iscsi: registered transport (tcp)
m] Mounted POSIX Message Queue File System.
[[0;32m  OK  [0m] Started Create list of required staâ€¦vice nodes for the current kernel.
[[0;32m  OK  [0m] Mounted Kernel Debug File System.
         Starting Create Static Device Nodes in /dev...
         Starting Load/Save Random Seed...
[    7.756680] iscsi: registered transport (iser)
[[0;32m  OK  [0m] Started Journal Service.
[[0;32m  OK  [0m] Started Load Kernel Modules.
[[0;32m  OK  [0m] Started Nameserver information manager.
[[0;32m  OK  [0m] Started Create Static Device Nodes in /dev.
[[0;32m  OK  [0m] Started Load/Save Random Seed.
[[0;32m  OK  [0m] Started LVM2 metadata daemon.
         Starting udev Kernel Device Manager...
         Mounting Kernel Configuration File System...
         Starting Apply Kernel Variables...
         Mounting FUSE Control File System...
         Starting Flush Journal to Persistent Storage...
[[0;32m  OK  [0m] Mounted FUSE Control File System.
[[0;32m  OK  [0m] Mounted Kernel Configuration File System.
[[0;32m  OK  [0m] Started Monitoring of LVM2 mirrors,â€¦sing dmeventd or progress polling.
[[0;32m  OK  [0m] Started udev Coldplug all Devices.
[[0;32m  OK  [0m] Started Apply Kernel Variables.
[[0;32m  OK  [0m] Started udev Kernel Device Manager.
[[0;32m  OK  [0m] Started Flush Journal to Persistent Storage.
[[0;32m  OK  [0m] Found device /dev/ttyS0.
[[0;32m  OK  [0m] Listening on Load/Save RF Kill Switch Status /dev/rfkill Watch.
[[0;32m  OK  [0m] Found device 82540EM Gigabit Ethernâ€¦ler (PRO/1000 MT Desktop Adapter).
[[0;32m  OK  [0m] Started Set the console keyboard layout.
[[0;32m  OK  [0m] Reached target Local File Systems (Pre).
         Mounting Mount unit for heroku, revision 3870...
         Mounting Mount unit for core, revision 8268...
[[0;32m  OK  [0m] Reached target Local File Systems.
         Starting Set console font and keymap...
         Starting ebtables ruleset management...
         Starting Create Volatile Files and Directories...
         Starting AppArmor initialization...
         Starting Tell Plymouth To Write Out Runtime Data...
[   10.900365] snd_intel8x0 0000:00:05.0: measure - unreliable DMA position..
         Mounting Mount unit for heroku, revision 3865...
         Mounting Mount unit for core, revision 8213...
[[0;32m  OK  [0m] Started Dispatch Password Requests to Console Directory Watch.
[[0;32m  OK  [0m] Reached target Local Encrypted Volumes.
[[0;32m  OK  [0m] Mounted Mount unit for heroku, revision 3870.
[[0;32m  OK  [0m] Mounted Mount unit for core, revision 8268.
[[0;32m  OK  [0m] Started Set console font and keymap.
[[0;32m  OK  [0m] Started Tell Plymouth To Write Out Runtime Data.
[[0;32m  OK  [0m] Started Create Volatile Files and Directories.
[   11.416739] snd_intel8x0 0000:00:05.0: measure - unreliable DMA position..
         Starting Update UTMP about System Boot/Shutdown...
         Starting Network Name Resolution...
[[0;32m  OK  [0m] Mounted Mount unit for heroku, revision 3865.
[[0;32m  OK  [0m] Started Update UTMP about System Boot/Shutdown.
[[0;32m  OK  [0m] Started ebtables ruleset management.
[[0;32m  OK  [0m] Mounted Mount unit for core, revision 8213.
[[0;32m  OK  [0m] Started Network Name Resolution.
[[0;32m  OK  [0m] Reached target Host and Network Name Lookups.
[   11.808629] snd_intel8x0 0000:00:05.0: measure - unreliable DMA position..
[[0;32m  OK  [0m] Reached target Sound Card.
[[0;32m  OK  [0m] Started AppArmor initialization.
         Starting Initial cloud-init job (pre-networking)...
[   13.670545] cloud-init[702]: Cloud-init v. 19.2-36-g059d049c-0ubuntu2~18.04.1 running 'init-local' at Mon, 27 Jan 2020 23:53:26 +0000. Up 13.36 seconds.
[[0;32m  OK  [0m] Started Initial cloud-init job (pre-networking).
[[0;32m  OK  [0m] Reached target Network (Pre).
[[0;32m  OK  [0m] Started ifup for enp0s3.
         Starting Raise network interfaces...
         Stopping Network Name Resolution...
         Starting Tell Plymouth To Write Out Runtime Data...
         Starting Network Time Synchronization...
[[0;32m  OK  [0m] Stopped Network Name Resolution.
         Starting Network Name Resolution...
[[0;32m  OK  [0m] Started Tell Plymouth To Write Out Runtime Data.
[[0;32m  OK  [0m] Started Network Time Synchronization.
[[0;32m  OK  [0m] Started Network Name Resolution.
[[0;32m  OK  [0m] Started Raise network interfaces.
         Starting Initial cloud-init job (metadata service crawler)...
[[0;32m  OK  [0m] Reached target Network.
[   14.801771] cloud-init[981]: Cloud-init v. 19.2-36-g059d049c-0ubuntu2~18.04.1 running 'init' at Mon, 27 Jan 2020 23:53:28 +0000. Up 14.64 seconds.
[   14.804033] cloud-init[981]: ci-info: ++++++++++++++++++++++++++++++++++++++Net device info++++++++++++++++++++++++++++++++++++++
[   14.806838] cloud-init[981]: ci-info: +--------+------+----------------------------+---------------+--------+-------------------+
[   14.809455] cloud-init[981]: ci-info: | Device |  Up  |          Address           |      Mask     | Scope  |     Hw-Address    |
[   14.811663] cloud-init[981]: ci-info: +--------+------+----------------------------+---------------+--------+-------------------+
[   14.813732] cloud-init[981]: ci-info: | enp0s3 | True |         10.0.2.15          | 255.255.255.0 | global | 02:95:cf:22:ea:76 |
[   14.815795] cloud-init[981]: ci-info: | enp0s3 | True | fe80::95:cfff:fe22:ea76/64 |       .       |  link  | 02:95:cf:22:ea:76 |
[   14.817932] cloud-init[981]: ci-info: |   lo   | True |         127.0.0.1          |   255.0.0.0   |  host  |         .         |
[   14.819892] cloud-init[981]: ci-info: |   lo   | True |          ::1/128           |       .       |  host  |         .         |
[   14.822211] cloud-init[981]: ci-info: +--------+------+----------------------------+---------------+--------+-------------------+
[   14.824645] cloud-init[981]: ci-info: +++++++++++++++++++++++++++Route IPv4 info++++++++++++++++++++++++++++
[   14.826413] cloud-init[981]: ci-info: +-------+-------------+----------+---------------+-----------+-------+
[   14.828352] cloud-init[981]: ci-info: | Route | Destination | Gateway  |    Genmask    | Interface | Flags |
[   14.830364] cloud-init[981]: ci-info: +-------+-------------+----------+---------------+-----------+-------+
[   14.832193] cloud-init[981]: ci-info: |   0   |   0.0.0.0   | 10.0.2.2 |    0.0.0.0    |   enp0s3  |   UG  |
[   14.833943] cloud-init[981]: ci-info: |   1   |   10.0.2.0  | 0.0.0.0  | 255.255.255.0 |   enp0s3  |   U   |
[   14.835405] cloud-init[981]: ci-info: +-------+-------------+----------+---------------+-----------+-------+
[   14.837109] cloud-init[981]: ci-info: +++++++++++++++++++Route IPv6 info+++++++++++++++++++
[   14.838768] cloud-init[981]: ci-info: +-------+-------------+---------+-----------+-------+
[   14.840085] cloud-init[981]: ci-info: | Route | Destination | Gateway | Interface | Flags |
[   14.841476] cloud-init[981]: ci-info: +-------+-------------+---------+-----------+-------+
[   14.842668] cloud-init[981]: ci-info: |   1   |  fe80::/64  |    ::   |   enp0s3  |   U   |
[   14.844187] cloud-init[981]: ci-info: |   3   |   ff00::/8  |    ::   |   enp0s3  |   U   |
[   14.856558] cloud-init[981]: ci-info: +-------+-------------+---------+-----------+-------+
[[0;32m  OK  [0m] Started Initial cloud-init job (metadata service crawler).
[[0;32m  OK  [0m] Reached target System Initialization.
         Starting LXD - unix socket.
[[0;32m  OK  [0m] Started ACPI Events Check.
[[0;32m  OK  [0m] Listening on D-Bus System Message Bus Socket.
[[0;32m  OK  [0m] Listening on ACPID Listen Socket.
[[0;32m  OK  [0m] Started Message of the Day.
[[0;32m  OK  [0m] Listening on UUID daemon activation socket.
[[0;32m  OK  [0m] Listening on Open-iSCSI iscsid Socket.
         Starting Socket activation for snappy daemon.
[[0;32m  OK  [0m] Started Daily Cleanup of Temporary Directories.
[[0;32m  OK  [0m] Started Discard unused blocks once a week.
[[0;32m  OK  [0m] Started resolvconf-pull-resolved.path.
[[0;32m  OK  [0m] Reached target Paths.
[[0;32m  OK  [0m] Started Daily apt download activities.
[[0;32m  OK  [0m] Started Daily apt upgrade and clean activities.
[[0;32m  OK  [0m] Reached target Timers.
[[0;32m  OK  [0m] Reached target Cloud-config availability.
[[0;32m  OK  [0m] Reached target Network is Online.
[[0;32m  OK  [0m] Reached target Remote File Systems (Pre).
[[0;32m  OK  [0m] Reached target Remote File Systems.
         Starting Availability of block devices...
[[0;32m  OK  [0m] Listening on LXD - unix socket.
[[0;32m  OK  [0m] Listening on Socket activation for snappy daemon.
[[0;32m  OK  [0m] Started Availability of block devices.
[[0;32m  OK  [0m] Reached target Sockets.
[[0;32m  OK  [0m] Reached target Basic System.
         Starting Resets System Activity Data Collector...
[[0;32m  OK  [0m] Started D-Bus System Message Bus.
[[0;32m  OK  [0m] Started Regular background program processing daemon.
         Starting Accounts Service...
         Starting PostgreSQL Cluster 10-main...
         Starting resolvconf-pull-resolved.service...
         Starting PostgreSQL Cluster 9.5-main...
[[0;32m  OK  [0m] Started Deferred execution scheduler.
         Starting Dispatcher daemon for systemd-networkd...
         Starting Permit User Sessions...
         Starting OpenBSD Secure Shell server...
         Starting LSB: Record successful boot for GRUB...
[[0;32m  OK  [0m] Started FUSE filesystem for LXC.
         Starting Login Service...
         Starting Thermal Daemon Service...
         Starting LSB: automatic crash report generation...
         Starting Snappy daemon...
[[0;32m  OK  [0m] Started irqbalance daemon.
         Starting System Logging Service...
         Starting LXD - container startup/shutdown...
[[0;32m  OK  [0m] Started Resets System Activity Data Collector.
[[0;32m  OK  [0m] Started resolvconf-pull-resolved.service.
[[0;32m  OK  [0m] Started Permit User Sessions.
[[0;32m  OK  [0m] Started Thermal Daemon Service.
[[0;32m  OK  [0m] Started OpenBSD Secure Shell server.
[[0;32m  OK  [0m] Started System Logging Service.
[[0;32m  OK  [0m] Started Login Service.
[[0;32m  OK  [0m] Started Unattended Upgrades Shutdown.
         Starting Authorization Manager...
         Starting Hold until boot process finishes up...
         Starting Terminate Plymouth Boot Screen...
[[0;32m  OK  [0m] Started Hold until boot process finishes up.
         Starting Set console scheme...
[[0;32m  OK  [0m] Started Serial Getty on ttyS0.
[[0;32m  OK  [0m] Started Terminate Plymouth Boot Screen.
[[0;32m  OK  [0m] Started Authorization Manager.
[[0;32m  OK  [0m] Started Accounts Service.
[[0;32m  OK  [0m] Started Set console scheme.
[[0;32m  OK  [0m] Created slice system-getty.slice.
[[0;32m  OK  [0m] Started Getty on tty1.
[[0;32m  OK  [0m] Reached target Login Prompts.
[[0;32m  OK  [0m] Started Dispatcher daemon for systemd-networkd.
[[0;32m  OK  [0m] Started LSB: Record successful boot for GRUB.
[[0;32m  OK  [0m] Started LSB: automatic crash report generation.
[[0;32m  OK  [0m] Started LXD - container startup/shutdown.
[[0;32m  OK  [0m] Created slice User Slice of vagrant.
         Starting User Manager for UID 1000...
[[0;32m  OK  [0m] Started Session 1 of user vagrant.
[[0;32m  OK  [0m] Started User Manager for UID 1000.
[[0;32m  OK  [0m] Started Snappy daemon.
         Starting Wait until snapd is fully seeded...
[[0;32m  OK  [0m] Started Wait until snapd is fully seeded.
         Starting Apply the settings specified in cloud-config...
[[0;32m  OK  [0m] Started PostgreSQL Cluster 9.5-main.
[   19.875259] cloud-init[1472]: Cloud-init v. 19.2-36-g059d049c-0ubuntu2~18.04.1 running 'modules:config' at Mon, 27 Jan 2020 23:53:33 +0000. Up 19.70 seconds.
[[0;32m  OK  [0m] Started Apply the settings specified in cloud-config.
[[0;32m  OK  [0m] Started PostgreSQL Cluster 10-main.
         Starting PostgreSQL RDBMS...
[[0;32m  OK  [0m] Started PostgreSQL RDBMS.
[[0;32m  OK  [0m] Reached target Multi-User System.
         Starting Execute cloud user/final scripts...
[[0;32m  OK  [0m] Reached target Graphical Interface.
         Starting Update UTMP about System Runlevel Changes...
[[0;32m  OK  [0m] Started Update UTMP about System Runlevel Changes.
[   21.756176] cloud-init[1680]: Cloud-init v. 19.2-36-g059d049c-0ubuntu2~18.04.1 running 'modules:final' at Mon, 27 Jan 2020 23:53:35 +0000. Up 21.51 seconds.
[   21.756805] cloud-init[1680]: Cloud-init v. 19.2-36-g059d049c-0ubuntu2~18.04.1 finished at Mon, 27 Jan 2020 23:53:35 +0000. Datasource DataSourceNoCloud [seed=/dev/sdb][dsmode=net].  Up 21.74 seconds

Ubuntu 18.04.3 LTS ubuntu-xenial ttyS0

ubuntu-xenial login: 